Arguments: 
  D:\NodeJs\node.exe D:\NodeJs\node_global\node_modules\yarn\bin\yarn.js install

PATH: 
  C:\Program Files\PlasticSCM5\server;C:\Program Files\PlasticSCM5\client;C:\ProgramData\Oracle\Java\javapath;C:\Windows\system32;C:\Windows;C:\Windows\System32\Wbem;C:\Windows\System32\WindowsPowerShell\v1.0\;C:\Windows\System32\OpenSSH\;C:\Program Files (x86)\NVIDIA Corporation\PhysX\Common;C:\Program Files\NVIDIA Corporation\NVIDIA NvDLISR;"C:\Program Files (x86)\Java\jdk1.8.0_71\bin;C:\Program Files (x86)\Java\jdk1.8.0_71\jre\bin;";C:\Program Files\dotnet\;C:\Program Files\Microsoft SQL Server\130\Tools\Binn\;C:\Program Files\Git\cmd;D:\NodeJs\;D:\微信web开发者工具\dll;C:\Program Files\Microsoft SQL Server\150\Tools\Binn\;C:\Program Files\Microsoft SQL Server\Client SDK\ODBC\170\Tools\Binn\;D:\NodeJs\node_global;D:\NodeJs\node_global\node_modules\yarn\bin;C:\Users\itsZJX\AppData\Local\Microsoft\WindowsApps;C:\Users\itsZJX\AppData\Roaming\npm;C:\Users\itsZJX\.dotnet\tools;C:\Users\itsZJX\.dotnet\tools;D:\NodeJs\node_global;

Yarn version: 
  1.22.19

Node version: 
  14.15.4

Platform: 
  win32 x64

Trace: 
  Error: certificate has expired
      at TLSSocket.onConnectSecure (_tls_wrap.js:1497:34)
      at TLSSocket.emit (events.js:315:20)
      at TLSSocket._finishInit (_tls_wrap.js:932:8)
      at TLSWrap.ssl.onhandshakedone (_tls_wrap.js:706:12)

npm manifest: 
  {
    "name": "h5",
    "version": "0.0.0",
    "scripts": {
      "dev": "vite",
      "build": "vite build",
      "serve": "vite preview"
    },
    "dependencies": {
      "@lucky-canvas/vue": "^0.1.11",
      "@vant/area-data": "^1.1.3",
      "animate.css": "^4.1.1",
      "axios": "^0.22.0",
      "clipboard": "^2.0.8",
      "compressorjs": "^1.1.1",
      "cropperjs": "^1.5.12",
      "dayjs": "^1.10.7",
      "echarts": "^5.2.2",
      "less": "^4.1.2",
      "less-loader": "^10.2.0",
      "md5": "^2.3.0",
      "qs": "^6.10.1",
      "sass": "^1.57.1",
      "swiper": "^8.4.6",
      "vant": "^3.6.11",
      "vconsole": "^3.9.1",
      "vue": "^3.2.16",
      "vue-i18n": "^9.3.0-beta.24",
      "vue-qrcode": "^2.2.2",
      "vue-router": "^4.0.11",
      "vuex": "^4.0.2"
    },
    "devDependencies": {
      "@types/md5": "^2.3.1",
      "@types/qs": "^6.9.7",
      "@vitejs/plugin-legacy": "^1.7.1",
      "@vitejs/plugin-vue": "^1.9.3",
      "path": "^0.12.7",
      "typescript": "^4.4.3",
      "vite": "^2.6.4",
      "vite-plugin-style-import": "^1.2.1",
      "vue-tsc": "^0.3.0"
    }
  }

yarn manifest: 
  No manifest

Lockfile: 
  No lockfile
